../Core/Src/main.c:113:5:main	16	static
../Core/Src/main.c:197:6:HAL_TIM_IC_CaptureCallback	16	static
../Core/Src/main.c:223:6:HAL_UART_RxCpltCallback	16	static
../Core/Src/main.c:248:6:position_signal	8	static
../Core/Src/main.c:267:6:Delay	16	static
../Core/Src/main.c:273:6:HC_SRF05_Read	8	static
../Core/Src/main.c:284:6:obstacle_stop	8	static
../Core/Src/main.c:298:9:read_sensorvalue	8	static
../Core/Src/main.c:308:6:error	4	static
../Core/Src/main.c:349:6:line_follower	8	static
../Core/Src/main.c:446:6:Stop	4	static
../Core/Src/main.c:453:6:go_straight	4	static
../Core/Src/main.c:504:6:turn_left	8	static
../Core/Src/main.c:548:6:turn_right	8	static
../Core/Src/main.c:594:6:running_time	4	static
../Core/Src/main.c:604:6:SystemClock_Config	88	static
../Core/Src/main.c:652:13:MX_SPI1_Init	8	static
../Core/Src/main.c:690:13:MX_TIM1_Init	80	static
../Core/Src/main.c:767:13:MX_TIM2_Init	32	static
../Core/Src/main.c:815:13:MX_USART2_UART_Init	8	static
../Core/Src/main.c:848:13:MX_GPIO_Init	48	static
../Core/Src/main.c:920:6:Error_Handler	4	static,ignoring_inline_asm
