11:39:58 **** Incremental Build of configuration Debug for project Line follower ****
make -j12 all 
arm-none-eabi-gcc "../Core/Src/main.c" -mcpu=cortex-m4 -std=gnu11 -g3 -DDEBUG -DUSE_HAL_DRIVER -DSTM32F446xx -c -I../Core/Inc -I../Drivers/STM32F4xx_HAL_Driver/Inc -I../Drivers/STM32F4xx_HAL_Driver/Inc/Legacy -I../Drivers/CMSIS/Device/ST/STM32F4xx/Include -I../Drivers/CMSIS/Include -O0 -ffunction-sections -fdata-sections -Wall -fstack-usage -fcyclomatic-complexity -MMD -MP -MF"Core/Src/main.d" -MT"Core/Src/main.o" --specs=nano.specs -mfpu=fpv4-sp-d16 -mfloat-abi=hard -mthumb -o "Core/Src/main.o"
arm-none-eabi-gcc -o "Line follower.elf" @"objects.list"   -mcpu=cortex-m4 -T"E:\Project 1 20232\Line follower\STM32F446RETX_FLASH.ld" --specs=nosys.specs -Wl,-Map="Line follower.map" -Wl,--gc-sections -static --specs=nano.specs -mfpu=fpv4-sp-d16 -mfloat-abi=hard -mthumb -u _printf_float -Wl,--start-group -lc -lm -Wl,--end-group
Finished building target: Line follower.elf
 
arm-none-eabi-size  Line\ follower.elf 
arm-none-eabi-objdump -h -S Line\ follower.elf  > "Line follower.list"
   text	   data	    bss	    dec	    hex	filename
  38268	    468	   2392	  41128	   a0a8	Line follower.elf
Finished building: default.size.stdout
 
Finished building: Line follower.list
 
11:40:01 **** Incremental Build of configuration Debug for project Line follower ****
make -j12 all 
arm-none-eabi-size  Line\ follower.elf 
   text	   data	    bss	    dec	    hex	filename
  38268	    468	   2392	  41128	   a0a8	Line follower.elf
Finished building: default.size.stdout
 
11:40:17 **** Incremental Build of configuration Debug for project Line follower ****
make -j12 all 
arm-none-eabi-size  Line\ follower.elf 
   text	   data	    bss	    dec	    hex	filename
  38268	    468	   2392	  41128	   a0a8	Line follower.elf
Finished building: default.size.stdout
 
